../Core/Src/main.c:67:6:HAL_I2C_ListenCpltCallback	16	static
../Core/Src/main.c:72:6:HAL_I2C_AddrCallback	16	static
../Core/Src/main.c:83:6:HAL_I2C_SlaveRxCpltCallback	16	static
../Core/Src/main.c:87:6:HAL_I2C_ErrorCallback	16	static
../Core/Src/main.c:97:5:main	8	static
../Core/Src/main.c:152:6:SystemClock_Config	88	static
../Core/Src/main.c:198:13:MX_I2C1_Init	8	static
../Core/Src/main.c:232:13:MX_GPIO_Init	40	static
../Core/Src/main.c:265:6:Error_Handler	4	static,ignoring_inline_asm
